<!DOCTYPE html>
<html lang="en">
	<head>
		<meta charset="UTF-8"/>
		<title>Document</title>
	</head>
	<body>
		<pre>/empty/writing/util/md</pre>
		<pre>/empty/writing/util/md</pre>
		<pre>/empty/util/md</pre>
		<pre>/empty/util/md</pre>
		<pre>/empty/md</pre>
		<pre>/empty/md</pre>

		<pre>/empty/writing/writing/util/md</pre>
		<pre>/empty/writing/util/md</pre>
		<pre>/empty/writing/util/md</pre>
		<pre>/empty/util/md</pre>
		<pre>/empty/writing/md</pre>
		<pre>/empty/md</pre>

		<h1>One</h1>
		<h2>Two</h2>
		<h3>Three</h3>
		<h1>One</h1>
		<h2>Two</h2>
		<h3>Three</h3>
		<span>END</span>
		<h3>Three</h3>
		<pre>/empty/writing/writing/util/md</pre>
		<pre>/empty/writing/util/md</pre>
		<pre>/empty/writing/util/md</pre>
		<pre>/empty/util/md</pre>
		<pre>/empty/writing/md</pre>
		<pre>/empty/md</pre>
	</body>
</html>
