<!DOCTYPE html>
<html lang="en">
	<head>
		<meta charset="UTF-8"/>
		<title>Document</title>
	</head>
	<body>
		<dl class="DataScope">
			<dt>One</dt> -- <dd>1</dd>
			<dt>Two</dt> -- <dd>2</dd>
			<dt>Three</dt> -- <dd>3</dd>
		</dl>
	</body>
</html>
