<!DOCTYPE html>
<html lang="en">
	<head>
		<meta charset="UTF-8"/>
		<title>Document</title>
	</head>
	<body>
		<section class="DataSet">
			<dl>
				<dt>One</dt> -- <dd></dd>
				<dt>Two</dt> -- <dd>2</dd>
				<dt>Three</dt> -- <dd>3</dd>
			</dl>
			<div class="children">
				<dl class="DataSet">
					<dt>One</dt> -- <dd>1</dd>
					<dt>Two</dt> -- <dd>22</dd>
					<dt>Three</dt> -- <dd></dd>
				</dl>
			</div>
		</section>

		<section class="DataSet">
			<dl>
				<dt>One</dt> -- <dd></dd>
				<dt>Two</dt> -- <dd>2</dd>
				<dt>Three</dt> -- <dd>3</dd>
			</dl>
			<div class="children">
				<dl class="DataScope">
					<dt>One</dt> -- <dd>1</dd>
					<dt>Two</dt> -- <dd>22</dd>
					<dt>Three</dt> -- <dd></dd>
				</dl>
			</div>
		</section>

		<section class="DataScope">
			<dl>
				<dt>One</dt> -- <dd></dd>
				<dt>Two</dt> -- <dd>2</dd>
				<dt>Three</dt> -- <dd>3</dd>
			</dl>
			<div class="children">
				<dl class="DataSet">
					<dt>One</dt> -- <dd>1</dd>
					<dt>Two</dt> -- <dd>22</dd>
					<dt>Three</dt> -- <dd></dd>
				</dl>
			</div>
		</section>

		<section class="DataScope">
			<dl>
				<dt>One</dt> -- <dd></dd>
				<dt>Two</dt> -- <dd>2</dd>
				<dt>Three</dt> -- <dd>3</dd>
			</dl>
			<div class="children">
				<dl class="DataScope">
					<dt>One</dt> -- <dd>1</dd>
					<dt>Two</dt> -- <dd>22</dd>
					<dt>Three</dt> -- <dd>3</dd>
				</dl>
			</div>
		</section>
	</body>
</html>
