<!DOCTYPE html>
<html lang="en">
	<head>
		<meta charset="UTF-8"/>
		<title>Document</title>
	</head>
	<body>
		<article>
			<h1>Some Pasap Custom Tags</h1>
			<div class="Four">
				<h5>Four</h5>
				<div class="children">
					<h5>One</h5>
					<div class="Five">
						<h5>Five</h5>
						<div class="children"></div>
					</div>
					<div class="Six">
						<h5>Six</h5>
						<div class="children">
							<h5>Two</h5>
							<h5>Three</h5>
						</div>
					</div>
				</div>
			</div>
		</article>
	</body>
</html>
