<!DOCTYPE html>
<html lang="en">
	<head>
		<meta charset="UTF-8"/>
		<title>Document</title>
	</head>
	<body>
		<article>
			<h1>Some Pasap Custom Tags</h1>
			<h5>One</h5>
			<h5>Two</h5>
			<h5>Three</h5>
		</article>
	</body>
</html>
