<!DOCTYPE html>
<html lang="en">
	<head>
		<meta charset="UTF-8"/>
		<title>Document</title>
	</head>
	<body>
		<article class="News">
			<h1 class="title">We are Amazing</h1>
			<div class="about">
				<em>
					By Me,
					At 12-12-12
				</em>
			</div>
			<div class="content">
				<p>
					Lorem ipsum dolor sit amet, consectetur adipisicing elit.
					Atque, consequatur cum iste laudantium libero magni maxime
					minima mollitia quos. At earum nostrum pariatur. Amet, at
					fugiat incidunt officia possimus vel?
				</p>
			</div>
		</article>
	</body>
</html>
