<!DOCTYPE html>
<html lang="en">
	<head>
		<meta charset="UTF-8"/>
		<title>Pasap Test</title>
	</head>
	<body>
		<h1>The News</h1>
		<section class="news-list">
			<article class="news">
				<header class="news_meta">
					<h1 class="news_title">One</h1>
					<em>Pierre-Orélien Mépris</em>
				</header>
				<main class="news_content">
					<p>
						Lorem ipsum dolor sit amet, consectetur adipisicing elit.
						Atque deserunt dicta dolore et mollitia.
						Accusantium at atque dolor dolore, eligendi eum, facere illum,
						odit omnis placeat quas recusandae sint voluptas.
					</p>
					<p>
						Lorem ipsum dolor sit amet, consectetur adipisicing elit.
						Atque deserunt dicta dolore et mollitia.
						Accusantium at atque dolor dolore, eligendi eum, facere illum,
						odit omnis placeat quas recusandae sint voluptas.
					</p>
				</main>
			</article>
			<article class="news">
				<header class="news_meta">
					<h1 class="news_title">Two</h1>
					<em>Jacques-Pascal Misengarde</em>
				</header>
				<main class="news_content">
					<p>
						Lorem ipsum dolor sit amet, consectetur adipisicing elit.
						Atque deserunt dicta dolore et mollitia.
						Accusantium at atque dolor dolore, eligendi eum, facere illum,
						odit omnis placeat quas recusandae sint voluptas.
					</p>
					<p>
						Lorem ipsum dolor sit amet, consectetur adipisicing elit.
						Atque deserunt dicta dolore et mollitia.
						Accusantium at atque dolor dolore, eligendi eum, facere illum,
						odit omnis placeat quas recusandae sint voluptas.
					</p>
				</main>
			</article>
		</section>
	</body>
</html>
