<!DOCTYPE html>
<html lang="en">
	<head>
		<meta charset="UTF-8"/>
		<title>I'm Using Custom Tags!</title>
	</head>
	<body>
		<article class="news">
			<h1 class="news_title">Lorem Ipsum</h1>
			<em class="news_author">Me, of course</em>
			<div class="news_content">
				<p>Lorem ipsum <em>dolor</em> sit amet...</p>
			</div>
		</article>
	</body>
</html>
