<!DOCTYPE html>
<html lang="en">
	<head>
		<meta charset="UTF-8"/>
		<title>Pasap Test</title>
	</head>
	<body>
		<header>
			<nav>
				<a href="">Wow</a>
				<a href="">Amaze</a>
				<a href="">Youpi</a>
			</nav>
		</header>
		<main>
			<h1>The list</h1>
			<ul>
				<li>Wow</li>
				<li>Amaze</li>
				<li>Youpi</li>
			</ul>
		</main>
	</body>
</html>
