<!DOCTYPE html>
<html lang="en">
	<head>
		<meta charset="UTF-8"/>
		<title>Pasap Test</title>
	</head>
	<body>
		<h1 class="blog-logo">The Blog</h1>
		<aside>
			Get a Premium pass : <div class="promotional-code">4W4S3</div>
		</aside>
		<article class="blog-post">
			<h1 class="blog-post-title">I'm using namespaces!</h1>
			<p>Lorem...</p>
			<pre><code class="color-js">
				let i = 5;
				if (i === 5) console.log("wow");
			</code></pre>
			<p>Lorem...</p>
		</article>
	</body>
</html>
