<!DOCTYPE html>
<html lang="en">
	<head>
		<meta charset="UTF-8"/>
		<title>Pasap Test</title>
		<link rel="stylesheet" href="/asset/Jean-Joseph-Montaigne.css"/>
		<link rel="stylesheet/less" href="/asset/one.less"/>
		<link rel="stylesheet/less" href="/asset/two.less"/>
		<link rel="stylesheet/less" href="/asset/three.less"/>

		<script src="/asset/less.js"></script>
	</head>
	<body>
		<h1>Wow</h1>
		<p>
			Lorem ipsum dolor sit amet, consectetur adipisicing elit.
			Aut consequuntur cupiditate dicta exercitationem facilis nulla
			obcaecati repellendus, repudiandae sunt tempora voluptate voluptates?
			Accusamus at dignissimos labore nesciunt nulla, sit sunt?
		</p>
	</body>
</html>
