<!DOCTYPE html>
<html lang="en">
	<head>
		<meta charset="UTF-8"/>
		<title>Pasap Test</title>
	</head>
	<body>
		<h1>Amaze</h1>
		<ul>
			<li>One</li>
			<li>Two</li>
			<li>Three</li>
		</ul>
	</body>
</html>
