<!DOCTYPE html>
<html lang="en">
	<head>
		<meta charset="UTF-8"/>
		<title>Pasap Test</title>
	</head>
	<h1>Parent</h1>
	<p>Scope is:</p>
	<ul>
		<li><b>number:</b> 12</li>
		<li><b>name:</b> big bro</li>
		<li><b>wow:</b> amaze</li>
		<li><b>more:</b> </li>
	</ul>
	<h1>Child</h1>
	<p>Scope is:</p>
	<ul>
		<li><b>number:</b> 12</li>
		<li><b>name:</b> lit man</li>
		<li><b>wow:</b> amaze</li>
		<li><b>more:</b> fun</li>
	</ul>
	<h1>Child</h1>
	<p>Scope is:</p>
	<ul>
		<li><b>number:</b> 17</li>
		<li><b>name:</b> yay</li>
		<li><b>wow:</b> </li>
		<li><b>more:</b> </li>
	</ul>
</html>
