<!DOCTYPE html>
<html lang="en">
	<head>
		<meta charset="UTF-8"/>
		<title>Pasap Test</title>
	</head>
	<h1>Amaze</h1>
	<ul class="data-set_one">
		<li><b>one:</b> 1</li>
		<li><b>numbers:</b>
			<ul>
				<li>1</li>
				<li>2</li>
				<li>3</li>
			</ul>
		</li>
		<li><b>lalala:</b> </li>
	</ul>
	<h2>Two</h2>
	<ul class="data-set_one">
		<li><b>object name:</b> o</li>
		<li><b>object size:</b> 1</li>
	</ul>
	<h3>Three</h3>
	<ul class="data-set_three">
		<li><b>position:</b> inside</li>
		<li><b>object?:</b> null</li>
	</ul>
</html>
